[www.pm-shipping.com/index.html]
[backblue.gif]
[fade.gif]
[index.html]
[www.pm-shipping.com/gfx/favicon.ico]
[www.pm-shipping.com/css/styles.css]
[www.pm-shipping.com/js/jquery.fullscreenBackground.js]
[www.pm-shipping.com/js/ajax.js]
[www.google-analytics.com/analytics.js]
[www.pm-shipping.com/gfx/am_right.png]
[www.pm-shipping.com/gfx/u0.png]
[www.pm-shipping.com/gfx/u1.png]
[www.pm-shipping.com/gfx/u2.png]
[www.pm-shipping.com/gfx/u3.png]
[include-en.satellite-cms.com/jquery/1.5.2/jquery.min.js]
[www.pm-shipping.com/gfx/u4.png]
[www.pm-shipping.com/gfx/pm-shipping-logo.png]
[www.pm-shipping.com/logistics/company.html]
[www.pm-shipping.com/logistics/history.html]
[www.pm-shipping.com/logistics/services.html]
[www.pm-shipping.com/forms/boat-and-yacht-transportation.html]
[www.pm-shipping.com/logistics/transportation-of-commercial-workboats.html]
[www.pm-shipping.com/logistics/ship-spares-logistics.html]
[www.pm-shipping.com/logistics/air-freight.html]
[www.pm-shipping.com/logistics/project-logistics.html]
[www.pm-shipping.com/logistics/rail.html]
[www.pm-shipping.com/logistics/sea-freight.html]
[www.pm-shipping.com/logistics/general-cargo.html]
[www.pm-shipping.com/logistics/trucking.html]
[www.pm-shipping.com/logistics/storage.html]
[www.pm-shipping.com/logistics/green-energy.html]
[www.pm-shipping.com/logistics/persian-gulf.html]
[www.pm-shipping.com/logistics/special-services.html]
[www.pm-shipping.com/logistics/news.html]
[www.pm-shipping.com/news.html]
[www.pm-shipping.com/picture-galleries/current-projects.html]
[www.pm-shipping.com/news/events.html]
[www.pm-shipping.com/logistics/info-documents-gtc.html]
[www.pm-shipping.com/downloads/company-brochures.html]
[www.pm-shipping.com/downloads/information.html]
[www.pm-shipping.com/contact.html]
[www.pm-shipping.com/profiles/locations.html]
[www.pm-shipping.com/gfx/icon_1.png]
[www.pm-shipping.com/gfx/icon_2.png]
[www.pm-shipping.com/gfx/icon_3.png]
[www.pm-shipping.com/enquiry.html]
[www.pm-shipping.com/gfx/icon_4.png]
[www.pm-shipping.com/gfx/icon_5.png]
[www.pm-shipping.com/gfx/tuev.png]
[www.pm-shipping.com/gfx/bsk.png]
[www.pm-shipping.com/gfx/ihksh.png]
[www.pm-shipping.com/gfx/fiata.png]
[www.pm-shipping.com/gfx/dslv.png]
[www.pm-shipping.com/gfx/bwe.png]
[www.pm-shipping.com/logistics/legal-notice.html]
[www.pm-shipping.com/logistics/general-terms-and-conditions.html]
[www.pm-shipping.com/sitemap.html]
[www.pm-shipping.com/gfx/icon_de.png]
[www.pm-shipping.com/gfx/icon_ru.png]
[www.pm-shipping.com/gfx/sm0m.png]
[www.pm-shipping.com/gfx/sm1m.png]
[www.pm-shipping.com/gfx/sm2m.png]
[www.pm-shipping.com/gfx/sm3m.png]
[www.pm-shipping.com/gfx/sm4m.png]
[www.pm-shipping.com/gfx/bg_site.jpg]
[www.pm-shipping.com/index.html]
[www.pm-shipping.com/fonts/helvetica-condensed-light-webfont.eot]
[www.pm-shipping.com/fonts/helvetica-condensed-light-webfont.woff]
[www.pm-shipping.com/fonts/helvetica-condensed-light-webfont.ttf]
[www.pm-shipping.com/gfx/bg_content.png]
[www.pm-shipping.com/gfx/shadow.png]
[www.pm-shipping.com/gfx/shadow_left.png]
[www.pm-shipping.com/gfx/sm0.png]
[www.pm-shipping.com/gfx/sm1.png]
[www.pm-shipping.com/gfx/sm3.png]
[www.pm-shipping.com/gfx/sm2.png]
[www.pm-shipping.com/gfx/sm5.png]
[www.pm-shipping.com/gfx/sm5m.png]
[www.pm-shipping.com/gfx/bg_navicontainer.png]
[www.pm-shipping.com/gfx/left.png]
[www.pm-shipping.com/gfx/right.png]
[www.pm-shipping.com/gfx/bullet0.png]
[www.pm-shipping.com/gfx/bullet1.png]
[www.pm-shipping.com/gfx/bullet2.png]
[www.pm-shipping.com/gfx/bullet3.png]
[www.pm-shipping.com/gfx/bullet4.png]
[www.pm-shipping.com/gfx/a17.png]
[www.pm-shipping.com/gfx/b21.png]
[www.pm-shipping.com/gfx/bg.png]
[www.pm-shipping.com/gfx/a_right.png]
[www.pm-shipping.com/gfx/preview.png]
[www.pm-shipping.com/css/styles.css]
[www.pm-shipping.com/gfx/bg_content_top.png]
[pictures.satellite-cms.com/navi/pmshipping/1/org_1424771781.jpg]
[www.pm-shipping.com/logistics/company.html]
[www.pm-shipping.com/gfx/bg_content_bot.png]
[pictures.satellite-cms.com/navi/pmshipping/1/org_1424773701.jpg]
[www.pm-shipping.com/logistics/history.html]
[pictures.satellite-cms.com/navi/pmshipping/1/org_1424773808.jpg]
[www.pm-shipping.com/logistics/services.html]
[www.pm-shipping.com/logistics/marine-logistics.html]
[pictures.satellite-cms.com/navi/pmshipping/1/org_1424777034.jpg]
[www.pm-shipping.com/captcha02af.jpg]
[www.pm-shipping.com/forms/boat-and-yacht-transportation.html]
[pictures.satellite-cms.com/navi/pmshipping/1/org_1424777052.jpg]
[www.pm-shipping.com/logistics/transportation-of-commercial-workboats.html]
[pictures.satellite-cms.com/navi/pmshipping/1/org_1424777065.jpg]
[www.pm-shipping.com/logistics/ship-spares-logistics.html]
[pictures.satellite-cms.com/navi/pmshipping/1/org_1424773823.jpg]
[www.pm-shipping.com/logistics/project-logistics.html]
[pictures.satellite-cms.com/navi/pmshipping/1/org_1424773888.jpg]
[www.pm-shipping.com/logistics/general-cargo.html]
[pictures.satellite-cms.com/navi/pmshipping/1/org_1424773918.jpg]
[www.pm-shipping.com/logistics/air-freight.html]
[pictures.satellite-cms.com/navi/pmshipping/1/org_1424773936.jpg]
[www.pm-shipping.com/logistics/sea-freight.html]
[pictures.satellite-cms.com/navi/pmshipping/1/org_1424773956.jpg]
[www.pm-shipping.com/logistics/rail.html]
[pictures.satellite-cms.com/navi/pmshipping/1/org_1470812969.jpg]
[www.pm-shipping.com/logistics/trucking.html]
[pictures.satellite-cms.com/navi/pmshipping/1/org_1432907007.jpg]
[www.pm-shipping.com/logistics/storage.html]
[pictures.satellite-cms.com/navi/pmshipping/1/org_1424774024.jpg]
[www.pm-shipping.com/logistics/green-energy.html]
[pictures.satellite-cms.com/navi/pmshipping/1/org_1470820334.jpg]
[www.pm-shipping.com/logistics/persian-gulf.html]
[pictures.satellite-cms.com/navi/pmshipping/1/org_1470835341.jpg]
[www.pm-shipping.com/logistics/special-services.html]
[pictures.satellite-cms.com/navi/pmshipping/1/org_1473152966.jpg]
[www.pm-shipping.com/logistics/news.html]
[include-en.satellite-cms.com/js/gallery/css/prettyPhoto.css]
[include-en.satellite-cms.com/js/gallery/js/jquery.prettyPhoto.js]
[include-en.satellite-cms.com/js/ajax_menu.js]
[www.pm-shipping.com/js/jssor.slider.mini.js]
[pictures.satellite-cms.com/pm_shipping/25/1482395177.jpg]
[pictures.satellite-cms.com/pm_shipping/25/thx_1482395177.jpg]
[pictures.satellite-cms.com/pm_shipping/25/1482395202.jpg]
[pictures.satellite-cms.com/pm_shipping/25/thx_1482395202.jpg]
[pictures.satellite-cms.com/pm_shipping/25/1482395145.jpg]
[pictures.satellite-cms.com/pm_shipping/25/thx_1482395145.jpg]
[pictures.satellite-cms.com/pm_shipping/25/1482395220.jpg]
[pictures.satellite-cms.com/pm_shipping/25/thx_1482395220.jpg]
[pictures.satellite-cms.com/pm_shipping/26/1482398018.jpg]
[pictures.satellite-cms.com/pm_shipping/26/thx_1482398018.jpg]
[pictures.satellite-cms.com/pm_shipping/26/1482398033.jpg]
[pictures.satellite-cms.com/pm_shipping/26/thx_1482398033.jpg]
[pictures.satellite-cms.com/pm_shipping/26/1482398067.jpg]
[pictures.satellite-cms.com/pm_shipping/26/thx_1482398067.jpg]
[pictures.satellite-cms.com/pm_shipping/26/1482398080.jpg]
[pictures.satellite-cms.com/pm_shipping/26/thx_1482398080.jpg]
[pictures.satellite-cms.com/pm_shipping/24/1482307415.jpg]
[pictures.satellite-cms.com/pm_shipping/24/thx_1482307415.jpg]
[pictures.satellite-cms.com/pm_shipping/24/1482307387.jpg]
[pictures.satellite-cms.com/pm_shipping/24/thx_1482307387.jpg]
[pictures.satellite-cms.com/pm_shipping/24/1482307398.jpg]
[pictures.satellite-cms.com/pm_shipping/24/thx_1482307398.jpg]
[pictures.satellite-cms.com/pm_shipping/23/1482137061.jpg]
[pictures.satellite-cms.com/pm_shipping/23/thx_1482137061.jpg]
[pictures.satellite-cms.com/pm_shipping/23/1482137124.jpg]
[pictures.satellite-cms.com/pm_shipping/23/thx_1482137124.jpg]
[pictures.satellite-cms.com/pm_shipping/23/1482137158.jpg]
[pictures.satellite-cms.com/pm_shipping/23/thx_1482137158.jpg]
[pictures.satellite-cms.com/pm_shipping/23/1482137186.jpg]
[pictures.satellite-cms.com/pm_shipping/23/thx_1482137186.jpg]
[pictures.satellite-cms.com/pm_shipping/23/1482137200.jpg]
[pictures.satellite-cms.com/pm_shipping/23/thx_1482137200.jpg]
[pictures.satellite-cms.com/pm_shipping/22/1478867645.jpg]
[pictures.satellite-cms.com/pm_shipping/22/thx_1478867645.jpg]
[pictures.satellite-cms.com/pm_shipping/21/1478852541.jpg]
[pictures.satellite-cms.com/pm_shipping/21/thx_1478852541.jpg]
[pictures.satellite-cms.com/pm_shipping/21/1478852568.jpg]
[pictures.satellite-cms.com/pm_shipping/21/thx_1478852568.jpg]
[pictures.satellite-cms.com/pm_shipping/21/1478852601.jpg]
[pictures.satellite-cms.com/pm_shipping/21/thx_1478852601.jpg]
[pictures.satellite-cms.com/pm_shipping/20/1477554128.jpg]
[pictures.satellite-cms.com/pm_shipping/20/thx_1477554128.jpg]
[pictures.satellite-cms.com/pm_shipping/20/1477554144.jpg]
[pictures.satellite-cms.com/pm_shipping/20/thx_1477554144.jpg]
[pictures.satellite-cms.com/pm_shipping/20/1477554161.jpg]
[pictures.satellite-cms.com/pm_shipping/20/thx_1477554161.jpg]
[pictures.satellite-cms.com/pm_shipping/20/1477554178.jpg]
[pictures.satellite-cms.com/pm_shipping/20/thx_1477554178.jpg]
[pictures.satellite-cms.com/pm_shipping/20/1477554211.jpg]
[pictures.satellite-cms.com/pm_shipping/20/thx_1477554211.jpg]
[pictures.satellite-cms.com/pm_shipping/20/1477554227.jpg]
[pictures.satellite-cms.com/pm_shipping/20/thx_1477554227.jpg]
[pictures.satellite-cms.com/pm_shipping/20/1477554249.jpg]
[pictures.satellite-cms.com/pm_shipping/20/thx_1477554249.jpg]
[pictures.satellite-cms.com/pm_shipping/20/1477554264.jpg]
[pictures.satellite-cms.com/pm_shipping/20/thx_1477554264.jpg]
[pictures.satellite-cms.com/pm_shipping/20/1477554280.jpg]
[pictures.satellite-cms.com/pm_shipping/20/thx_1477554280.jpg]
[pictures.satellite-cms.com/pm_shipping/19/1477487615.jpg]
[pictures.satellite-cms.com/pm_shipping/19/thx_1477487615.jpg]
[pictures.satellite-cms.com/pm_shipping/19/1477487634.jpg]
[pictures.satellite-cms.com/pm_shipping/19/thx_1477487634.jpg]
[pictures.satellite-cms.com/pm_shipping/19/1477487671.jpg]
[pictures.satellite-cms.com/pm_shipping/19/thx_1477487671.jpg]
[pictures.satellite-cms.com/pm_shipping/19/1477487778.jpg]
[pictures.satellite-cms.com/pm_shipping/19/thx_1477487778.jpg]
[pictures.satellite-cms.com/pm_shipping/19/1477487702.jpg]
[pictures.satellite-cms.com/pm_shipping/19/thx_1477487702.jpg]
[pictures.satellite-cms.com/pm_shipping/18/1477403292.jpg]
[pictures.satellite-cms.com/pm_shipping/18/thx_1477403292.jpg]
[pictures.satellite-cms.com/pm_shipping/15/1475827202.jpg]
[pictures.satellite-cms.com/pm_shipping/15/thx_1475827202.jpg]
[pictures.satellite-cms.com/pm_shipping/15/1475827126.jpg]
[pictures.satellite-cms.com/pm_shipping/15/thx_1475827126.jpg]
[pictures.satellite-cms.com/pm_shipping/15/1475827142.jpg]
[pictures.satellite-cms.com/pm_shipping/15/thx_1475827142.jpg]
[pictures.satellite-cms.com/pm_shipping/15/1475827158.jpg]
[pictures.satellite-cms.com/pm_shipping/15/thx_1475827158.jpg]
[pictures.satellite-cms.com/pm_shipping/16/1475829801.png]
[pictures.satellite-cms.com/pm_shipping/16/thx_1475829801.png]
[pictures.satellite-cms.com/pm_shipping/14/1475740394.jpg]
[pictures.satellite-cms.com/pm_shipping/14/thx_1475740394.jpg]
[pictures.satellite-cms.com/pm_shipping/14/1475740014.jpg]
[pictures.satellite-cms.com/pm_shipping/14/thx_1475740014.jpg]
[pictures.satellite-cms.com/pm_shipping/14/1475740231.jpg]
[pictures.satellite-cms.com/pm_shipping/14/thx_1475740231.jpg]
[pictures.satellite-cms.com/pm_shipping/13/1475740631.jpg]
[pictures.satellite-cms.com/pm_shipping/13/thx_1475740631.jpg]
[pictures.satellite-cms.com/pm_shipping/13/1475671708.jpg]
[pictures.satellite-cms.com/pm_shipping/13/thx_1475671708.jpg]
[pictures.satellite-cms.com/pm_shipping/13/1475671724.jpg]
[pictures.satellite-cms.com/pm_shipping/13/thx_1475671724.jpg]
[pictures.satellite-cms.com/pm_shipping/11/1473857477.jpg]
[pictures.satellite-cms.com/pm_shipping/11/thx_1473857477.jpg]
[pictures.satellite-cms.com/pm_shipping/8/1473760036.jpg]
[pictures.satellite-cms.com/pm_shipping/8/thx_1473760036.jpg]
[pictures.satellite-cms.com/pm_shipping/8/1473759912.jpg]
[pictures.satellite-cms.com/pm_shipping/8/thx_1473759912.jpg]
[pictures.satellite-cms.com/pm_shipping/8/1473759971.jpg]
[pictures.satellite-cms.com/pm_shipping/8/thx_1473759971.jpg]
[pictures.satellite-cms.com/pm_shipping/8/1473760093.jpg]
[pictures.satellite-cms.com/pm_shipping/8/thx_1473760093.jpg]
[pictures.satellite-cms.com/pm_shipping/8/1473760224.jpg]
[pictures.satellite-cms.com/pm_shipping/8/thx_1473760224.jpg]
[pictures.satellite-cms.com/pm_shipping/8/1473760262.jpg]
[pictures.satellite-cms.com/pm_shipping/8/thx_1473760262.jpg]
[pictures.satellite-cms.com/pm_shipping/8/1473760289.jpg]
[pictures.satellite-cms.com/pm_shipping/8/thx_1473760289.jpg]
[pictures.satellite-cms.com/pm_shipping/8/1473760324.jpg]
[pictures.satellite-cms.com/pm_shipping/8/thx_1473760324.jpg]
[pictures.satellite-cms.com/pm_shipping/8/1473760538.jpg]
[pictures.satellite-cms.com/pm_shipping/8/thx_1473760538.jpg]
[pictures.satellite-cms.com/pm_shipping/17/1476798622.jpg]
[pictures.satellite-cms.com/pm_shipping/17/thx_1476798622.jpg]
[pictures.satellite-cms.com/pm_shipping/17/1476798712.jpg]
[pictures.satellite-cms.com/pm_shipping/17/thx_1476798712.jpg]
[pictures.satellite-cms.com/pm_shipping/17/1476798643.jpg]
[pictures.satellite-cms.com/pm_shipping/17/thx_1476798643.jpg]
[pictures.satellite-cms.com/pm_shipping/17/1476798727.jpg]
[pictures.satellite-cms.com/pm_shipping/17/thx_1476798727.jpg]
[pictures.satellite-cms.com/pm_shipping/17/1476798740.jpg]
[pictures.satellite-cms.com/pm_shipping/17/thx_1476798740.jpg]
[pictures.satellite-cms.com/pm_shipping/17/1476798830.jpg]
[pictures.satellite-cms.com/pm_shipping/17/thx_1476798830.jpg]
[pictures.satellite-cms.com/pm_shipping/17/1476798894.jpg]
[pictures.satellite-cms.com/pm_shipping/17/thx_1476798894.jpg]
[pictures.satellite-cms.com/pm_shipping/17/1476798908.jpg]
[pictures.satellite-cms.com/pm_shipping/17/thx_1476798908.jpg]
[pictures.satellite-cms.com/pm_shipping/17/1476798921.jpg]
[pictures.satellite-cms.com/pm_shipping/17/thx_1476798921.jpg]
[pictures.satellite-cms.com/pm_shipping/10/1473848168.jpg]
[pictures.satellite-cms.com/pm_shipping/10/thx_1473848168.jpg]
[pictures.satellite-cms.com/pm_shipping/10/1473848113.jpg]
[pictures.satellite-cms.com/pm_shipping/10/thx_1473848113.jpg]
[pictures.satellite-cms.com/pm_shipping/7/1473667943.jpg]
[pictures.satellite-cms.com/pm_shipping/7/thx_1473667943.jpg]
[pictures.satellite-cms.com/pm_shipping/7/1473668626.jpg]
[pictures.satellite-cms.com/pm_shipping/7/thx_1473668626.jpg]
[pictures.satellite-cms.com/pm_shipping/12/1474021995.jpg]
[pictures.satellite-cms.com/pm_shipping/12/thx_1474021995.jpg]
[pictures.satellite-cms.com/pm_shipping/12/1474021783.jpg]
[pictures.satellite-cms.com/pm_shipping/12/thx_1474021783.jpg]
[pictures.satellite-cms.com/pm_shipping/12/1473945752.jpg]
[pictures.satellite-cms.com/pm_shipping/12/thx_1473945752.jpg]
[pictures.satellite-cms.com/pm_shipping/12/1474022009.jpg]
[pictures.satellite-cms.com/pm_shipping/12/thx_1474022009.jpg]
[pictures.satellite-cms.com/pm_shipping/6/1473262935.jpg]
[pictures.satellite-cms.com/pm_shipping/6/thx_1473262935.jpg]
[pictures.satellite-cms.com/pm_shipping/6/1473263234.jpg]
[pictures.satellite-cms.com/pm_shipping/6/thx_1473263234.jpg]
[pictures.satellite-cms.com/pm_shipping/6/1473263244.jpg]
[pictures.satellite-cms.com/pm_shipping/6/thx_1473263244.jpg]
[pictures.satellite-cms.com/pm_shipping/9/1473775201.jpg]
[pictures.satellite-cms.com/pm_shipping/9/thx_1473775201.jpg]
[pictures.satellite-cms.com/pm_shipping/9/1473775692.jpg]
[pictures.satellite-cms.com/pm_shipping/9/1473775648.jpg]
[pictures.satellite-cms.com/pm_shipping/9/1473775724.jpg]
[pictures.satellite-cms.com/pm_shipping/9/1473775748.jpg]
[pictures.satellite-cms.com/pm_shipping/9/1473776721.jpg]
[pictures.satellite-cms.com/pm_shipping/9/thx_1473776721.jpg]
[pictures.satellite-cms.com/pm_shipping/9/1473776741.jpg]
[pictures.satellite-cms.com/pm_shipping/9/thx_1473776741.jpg]
[pictures.satellite-cms.com/pm_shipping/5/1473253559.jpg]
[pictures.satellite-cms.com/pm_shipping/5/thx_1473253559.jpg]
[www.pm-shipping.com/picture-galleries/current-projects.html]
[images-en.satellite-cms.com/21/org_1493039744.jpg]
[images-en.satellite-cms.com/21/org_1490345852.jpg]
[images-en.satellite-cms.com/21/org_1480923413.jpg]
[images-en.satellite-cms.com/21/org_1478854365.jpg]
[images-en.satellite-cms.com/21/org_1475741889.jpg]
[images-en.satellite-cms.com/21/org_1482404915.jpg]
[images-en.satellite-cms.com/21/org_1452183532.jpg]
[images-en.satellite-cms.com/21/org_1452181150.jpg]
[images-en.satellite-cms.com/21/org_1452182716.jpg]
[www.pm-shipping.com/news.html]
[pictures.satellite-cms.com/navi/pmshipping/1/org_1475750101.jpg]
[images-en.satellite-cms.com/21/org_1475741275.png]
[images-en.satellite-cms.com/21/org_1467613859.jpg]
[www.pm-shipping.com/news/events.html]
[www.pm-shipping.com/downloads/category/company-brochures.html]
[www.pm-shipping.com/downloads/category/information.html]
[www.pm-shipping.com/logistics/info-documents-gtc.html]
[www.pm-shipping.com/downloads/start/pm-shipping-flyer-efficient-logistic-solutions-made-in-germany-deutsch.pdf]
[include-en.satellite-cms.com/images/icons/xl/pdf.png]
[www.pm-shipping.com/downloads/start/pm-shipping-flyer-efficient-logistic-solutions-made-in-germany-english.pdf]
[www.pm-shipping.com/downloads/start/pm-shipping-flyer-logistik-nach-mass-deutsch.pdf]
[www.pm-shipping.com/downloads/start/pm-shipping-flyer-tailor-made-logistics-english.pdf]
[www.pm-shipping.com/downloads/start/pm-shipping-flyer-we-transport-your-innovations-deutsch.pdf]
[www.pm-shipping.com/downloads/start/pm-shipping-flyer-we-transport-your-innovations-english.pdf]
[www.pm-shipping.com/downloads/start/pm-shipping-transport-guide-english.pdf]
[www.pm-shipping.com/downloads/company-brochures.html]
[www.pm-shipping.com/downloads/start/chartering-terms.pdf]
[www.pm-shipping.com/downloads/start/PM-Shipping-Logistik-AGB-englisch.pdf]
[www.pm-shipping.com/downloads/start/german-freight-forwardersrsquostandard-terms-and-conditions-2017-adsp-2017.pdf]
[www.pm-shipping.com/downloads/start/PM-Shipping-Logistik-AGB.pdf]
[www.pm-shipping.com/downloads/start/solas-regulations-verified-gross-mass-vgm.pdf]
[www.pm-shipping.com/downloads/start/solas-vgm-fcl.xlsx]
[www.pm-shipping.com/downloads/start/solas-vgm-lcl.xlsx]
[www.pm-shipping.com/downloads/information.html]
[www.pm-shipping.com/contact.html]
[www.pm-shipping.com/profiles/locations.html]
[www.pm-shipping.com/enquiry.html]
[www.pm-shipping.com/logistics/legal-notice.html]
[www.pm-shipping.com/logistics/general-terms-and-conditions.html]
[www.pm-shipping.com/gfx/vhsp.png]
[www.pm-shipping.com/profiles/job-vacancies.html]
[www.pm-shipping.com/sitemap.html]
[www.pm-shipping.com/fonts/helvetica-condensed-light-webfont.svg]
[www.pm-shipping.com/online-applications.html]
[www.pm-shipping.com/gfx/start_right.png]
[www.pm-shipping.com/gfx/bg_navi.png]
[pictures.satellite-cms.com/navi/pmshipping/1/org_1424773855.jpg]
[www.pm-shipping.com/logistics/marine-logistics.html]
[include-en.satellite-cms.com/js/gallery/images/prettyPhoto/dark_rounded/sprite.png]
[include-en.satellite-cms.com/js/gallery/images/prettyPhoto/dark_rounded/contentPattern.png]
[include-en.satellite-cms.com/js/gallery/images/prettyPhoto/dark_rounded/btnNext.png]
[include-en.satellite-cms.com/js/gallery/images/prettyPhoto/dark_rounded/btnPrevious.png]
[include-en.satellite-cms.com/js/gallery/images/prettyPhoto/dark_rounded/loader.gif]
[include-en.satellite-cms.com/js/gallery/images/prettyPhoto/facebook/default_thumbnail.gif]
[include-en.satellite-cms.com/js/gallery/images/prettyPhoto/light_rounded/btnNext.png]
[include-en.satellite-cms.com/js/gallery/images/prettyPhoto/light_rounded/loader.gif]
[include-en.satellite-cms.com/js/gallery/css/prettyPhoto.css]
[www.pm-shipping.com/downloads/category/company-brochures.html]
[www.pm-shipping.com/downloads/category/information.html]
[www.pm-shipping.com/downloads/start/pm-shipping-flyer-we-transport-your-innovations-english.pdf]
[www.pm-shipping.com/downloads/start/PM-Shipping-AGB-BSK-Kran-und-Transport 2013.html]
[www.pm-shipping.com/downloads/start/pm-shipping-flyer-we-transport-your-innovations-deutsch.pdf]
[www.pm-shipping.com/downloads/start/pm-shipping-transport-guide-english.pdf]
[pictures.satellite-cms.com/navi/pmshipping/1/org_1424773776.jpg]
[www.pm-shipping.com/profiles/job-vacancies.html]
[pictures.satellite-cms.com/navi/pmshipping/1/org_1424773792.jpg]
[www.pm-shipping.com/online-applications.html]
[www.pm-shipping.com/downloads/javascript;]
[en.satellite-cms.com/includes/js/datetimepicker_css.html]
[www.pm-shipping.com/downloads/start/pm-shipping-transport-guide-english.pdf]
[include-en.satellite-cms.com/images/icons/xl/xlsx.html]
